Resolving dependencies...
Downloading packages...
  characters 1.4.0 (1.4.1 available)
  code_builder 4.11.0 (4.11.1 available)
  flutter_riverpod 2.6.1 (3.1.0 available)
  matcher 0.12.17 (0.12.18 available)
  material_color_utilities 0.11.1 (0.13.0 available)
  riverpod 2.6.1 (3.1.0 available)
  sqflite_common_ffi 2.4.0+1 (2.4.0+2 available)
  sqflite_common_ffi_web 1.1.0 (1.1.1 available)
  test_api 0.7.7 (0.7.8 available)
Got dependencies!
9 packages have newer versions incompatible with dependency constraints.
Try `flutter pub outdated` for more information.
00:00 +0: loading F:/Development/local_todo_app/test/widget_test.dart
00:00 +0: (setUpAll)
00:00 +0: Add task smoke test
笊絶武笊｡ EXCEPTION CAUGHT BY FLUTTER TEST FRAMEWORK 笊樞武笊絶武笊絶武笊絶武笊絶武笊絶武笊絶武笊絶武笊絶武笊絶武笊絶武笊絶武笊絶武笊絶武笊絶武笊絶武笊絶武笊絶武笊絶武笊絶武笊絶武笊絶武笊絶武笊絶武笊絶武笊絶武笊・The following TestFailure was thrown running a test:
Expected: exactly one matching candidate
  Actual: _TextWidgetFinder:<Found 0 widgets with text "localTodo": []>
   Which: means none were found but one was expected

When the exception was thrown, this was the stack:
#4      main.<anonymous closure> (file:///F:/Development/local_todo_app/test/widget_test.dart:78:5)
<asynchronous suspension>
#5      testWidgets.<anonymous closure>.<anonymous closure> (package:flutter_test/src/widget_tester.dart:192:15)
<asynchronous suspension>
#6      TestWidgetsFlutterBinding._runTestBody (package:flutter_test/src/binding.dart:1059:5)
<asynchronous suspension>
<asynchronous suspension>
(elided one frame from package:stack_trace)

This was caught by the test expectation on the following line:
  file:///F:/Development/local_todo_app/test/widget_test.dart line 78
The test description was:
  Add task smoke test
笊絶武笊絶武笊絶武笊絶武笊絶武笊絶武笊絶武笊絶武笊絶武笊絶武笊絶武笊絶武笊絶武笊絶武笊絶武笊絶武笊絶武笊絶武笊絶武笊絶武笊絶武笊絶武笊絶武笊絶武笊絶武笊絶武笊絶武笊絶武笊絶武笊絶武笊絶武笊絶武笊絶武笊絶武笊絶武笊絶武笊絶武笊絶武笊絶武笊絶武笊絶武笊絶武笊絶武笊絶武笊絶武笊絶武笊絶武笊絶武笊絶武笊絶武
00:01 +0 -1: Add task smoke test [E]
  Test failed. See exception logs above.
  The test description was: Add task smoke test
  
00:01 +0 -1: (tearDownAll)
00:02 +0 -1: Some tests failed.
